0 verbose cli /usr/local/bin/node /usr/local/lib/node_modules/npm/bin/npm-cli.js
1 info using npm@10.9.3
2 info using node@v22.19.0
3 silly config load:file:/usr/local/lib/node_modules/npm/npmrc
4 silly config load:file:/Users/admin/Desktop/dự án/mttqvn/.npmrc
5 silly config load:file:/Users/admin/.npmrc
6 silly config load:file:/usr/local/etc/npmrc
7 verbose title npm exec supabase@latest db push --help
8 verbose argv "exec" "--" "supabase@latest" "db" "push" "--help"
9 verbose logfile logs-max:10 dir:/Users/admin/Desktop/dự án/mttqvn/.npm-cache/_logs/2026-06-08T13_58_42_807Z-
10 verbose logfile /Users/admin/Desktop/dự án/mttqvn/.npm-cache/_logs/2026-06-08T13_58_42_807Z-debug-0.log
11 silly logfile start cleaning logs, removing 1 files
12 silly logfile done cleaning log files
13 silly packumentCache heap:2197815296 maxSize:549453824 maxEntrySize:274726912
14 verbose shrinkwrap failed to load node_modules/.package-lock.json out of date, updated: node_modules
15 http fetch GET 200 https://registry.npmjs.org/supabase 487ms (cache miss)
16 silly packumentCache heap:2197815296 maxSize:549453824 maxEntrySize:274726912
17 silly packumentCache heap:2197815296 maxSize:549453824 maxEntrySize:274726912
18 warn exec The following package was not found and will be installed: supabase@2.105.0
19 silly idealTree buildDeps
20 silly fetch manifest supabase@2.105.0
21 silly packumentCache full:https://registry.npmjs.org/supabase cache-miss
22 http fetch GET 200 https://registry.npmjs.org/supabase 462ms (cache miss)
23 silly packumentCache full:https://registry.npmjs.org/supabase set size:undefined disposed:false
24 silly placeDep ROOT supabase@2.105.0 OK for:  want: 2.105.0
25 silly fetch manifest @supabase/cli-linux-x64@2.105.0
26 silly packumentCache full:https://registry.npmjs.org/@supabase%2fcli-linux-x64 cache-miss
27 silly fetch manifest @supabase/cli-darwin-x64@2.105.0
28 silly packumentCache full:https://registry.npmjs.org/@supabase%2fcli-darwin-x64 cache-miss
29 silly fetch manifest @supabase/cli-linux-arm64@2.105.0
30 silly packumentCache full:https://registry.npmjs.org/@supabase%2fcli-linux-arm64 cache-miss
31 silly fetch manifest @supabase/cli-windows-x64@2.105.0
32 silly packumentCache full:https://registry.npmjs.org/@supabase%2fcli-windows-x64 cache-miss
33 silly fetch manifest @supabase/cli-darwin-arm64@2.105.0
34 silly packumentCache full:https://registry.npmjs.org/@supabase%2fcli-darwin-arm64 cache-miss
35 silly fetch manifest @supabase/cli-windows-arm64@2.105.0
36 silly packumentCache full:https://registry.npmjs.org/@supabase%2fcli-windows-arm64 cache-miss
37 silly fetch manifest @supabase/cli-linux-x64-musl@2.105.0
38 silly packumentCache full:https://registry.npmjs.org/@supabase%2fcli-linux-x64-musl cache-miss
39 http fetch GET 200 https://registry.npmjs.org/@supabase%2fcli-linux-x64 115ms (cache miss)
40 silly packumentCache full:https://registry.npmjs.org/@supabase%2fcli-linux-x64 set size:undefined disposed:false
41 silly fetch manifest @supabase/cli-linux-arm64-musl@2.105.0
42 silly packumentCache full:https://registry.npmjs.org/@supabase%2fcli-linux-arm64-musl cache-miss
43 http fetch GET 200 https://registry.npmjs.org/@supabase%2fcli-darwin-x64 145ms (cache miss)
44 silly packumentCache full:https://registry.npmjs.org/@supabase%2fcli-darwin-x64 set size:undefined disposed:false
45 http fetch GET 200 https://registry.npmjs.org/@supabase%2fcli-linux-arm64 168ms (cache miss)
46 silly packumentCache full:https://registry.npmjs.org/@supabase%2fcli-linux-arm64 set size:undefined disposed:false
47 http fetch GET 200 https://registry.npmjs.org/@supabase%2fcli-windows-arm64 172ms (cache miss)
48 silly packumentCache full:https://registry.npmjs.org/@supabase%2fcli-windows-arm64 set size:undefined disposed:false
49 http fetch GET 200 https://registry.npmjs.org/@supabase%2fcli-darwin-arm64 177ms (cache miss)
50 silly packumentCache full:https://registry.npmjs.org/@supabase%2fcli-darwin-arm64 set size:undefined disposed:false
51 http fetch GET 200 https://registry.npmjs.org/@supabase%2fcli-linux-x64-musl 194ms (cache miss)
52 silly packumentCache full:https://registry.npmjs.org/@supabase%2fcli-linux-x64-musl set size:undefined disposed:false
53 http fetch GET 200 https://registry.npmjs.org/@supabase%2fcli-linux-arm64-musl 88ms (cache miss)
54 silly packumentCache full:https://registry.npmjs.org/@supabase%2fcli-linux-arm64-musl set size:undefined disposed:false
55 http fetch GET 200 https://registry.npmjs.org/@supabase%2fcli-windows-x64 383ms (cache miss)
56 silly packumentCache full:https://registry.npmjs.org/@supabase%2fcli-windows-x64 set size:undefined disposed:false
57 silly placeDep ROOT @supabase/cli-darwin-arm64@2.105.0 OK for: supabase@2.105.0 want: 2.105.0
58 silly placeDep ROOT @supabase/cli-darwin-x64@2.105.0 OK for: supabase@2.105.0 want: 2.105.0
59 silly placeDep ROOT @supabase/cli-linux-arm64@2.105.0 OK for: supabase@2.105.0 want: 2.105.0
60 silly placeDep ROOT @supabase/cli-linux-arm64-musl@2.105.0 OK for: supabase@2.105.0 want: 2.105.0
61 silly placeDep ROOT @supabase/cli-linux-x64@2.105.0 OK for: supabase@2.105.0 want: 2.105.0
62 silly placeDep ROOT @supabase/cli-linux-x64-musl@2.105.0 OK for: supabase@2.105.0 want: 2.105.0
63 silly placeDep ROOT @supabase/cli-windows-arm64@2.105.0 OK for: supabase@2.105.0 want: 2.105.0
64 silly placeDep ROOT @supabase/cli-windows-x64@2.105.0 OK for: supabase@2.105.0 want: 2.105.0
65 silly reify moves {}
66 silly audit bulk request {
66 silly audit   supabase: [ '2.105.0' ],
66 silly audit   '@supabase/cli-darwin-arm64': [ '2.105.0' ],
66 silly audit   '@supabase/cli-darwin-x64': [ '2.105.0' ],
66 silly audit   '@supabase/cli-linux-arm64': [ '2.105.0' ],
66 silly audit   '@supabase/cli-linux-arm64-musl': [ '2.105.0' ],
66 silly audit   '@supabase/cli-linux-x64': [ '2.105.0' ],
66 silly audit   '@supabase/cli-linux-x64-musl': [ '2.105.0' ],
66 silly audit   '@supabase/cli-windows-arm64': [ '2.105.0' ],
66 silly audit   '@supabase/cli-windows-x64': [ '2.105.0' ]
66 silly audit }
67 verbose reify failed optional dependency /Users/admin/Desktop/dự án/mttqvn/.npm-cache/_npx/b96a6bd565c470ce/node_modules/@supabase/cli-windows-x64
68 silly reify mark deleted [
68 silly reify   '/Users/admin/Desktop/dự án/mttqvn/.npm-cache/_npx/b96a6bd565c470ce/node_modules/@supabase/cli-windows-x64'
68 silly reify ]
69 verbose reify failed optional dependency /Users/admin/Desktop/dự án/mttqvn/.npm-cache/_npx/b96a6bd565c470ce/node_modules/@supabase/cli-windows-arm64
70 silly reify mark deleted [
70 silly reify   '/Users/admin/Desktop/dự án/mttqvn/.npm-cache/_npx/b96a6bd565c470ce/node_modules/@supabase/cli-windows-arm64'
70 silly reify ]
71 verbose reify failed optional dependency /Users/admin/Desktop/dự án/mttqvn/.npm-cache/_npx/b96a6bd565c470ce/node_modules/@supabase/cli-linux-x64-musl
72 silly reify mark deleted [
72 silly reify   '/Users/admin/Desktop/dự án/mttqvn/.npm-cache/_npx/b96a6bd565c470ce/node_modules/@supabase/cli-linux-x64-musl'
72 silly reify ]
73 verbose reify failed optional dependency /Users/admin/Desktop/dự án/mttqvn/.npm-cache/_npx/b96a6bd565c470ce/node_modules/@supabase/cli-linux-x64
74 silly reify mark deleted [
74 silly reify   '/Users/admin/Desktop/dự án/mttqvn/.npm-cache/_npx/b96a6bd565c470ce/node_modules/@supabase/cli-linux-x64'
74 silly reify ]
75 verbose reify failed optional dependency /Users/admin/Desktop/dự án/mttqvn/.npm-cache/_npx/b96a6bd565c470ce/node_modules/@supabase/cli-linux-arm64-musl
76 silly reify mark deleted [
76 silly reify   '/Users/admin/Desktop/dự án/mttqvn/.npm-cache/_npx/b96a6bd565c470ce/node_modules/@supabase/cli-linux-arm64-musl'
76 silly reify ]
77 verbose reify failed optional dependency /Users/admin/Desktop/dự án/mttqvn/.npm-cache/_npx/b96a6bd565c470ce/node_modules/@supabase/cli-linux-arm64
78 silly reify mark deleted [
78 silly reify   '/Users/admin/Desktop/dự án/mttqvn/.npm-cache/_npx/b96a6bd565c470ce/node_modules/@supabase/cli-linux-arm64'
78 silly reify ]
79 verbose reify failed optional dependency /Users/admin/Desktop/dự án/mttqvn/.npm-cache/_npx/b96a6bd565c470ce/node_modules/@supabase/cli-darwin-arm64
80 silly reify mark deleted [
80 silly reify   '/Users/admin/Desktop/dự án/mttqvn/.npm-cache/_npx/b96a6bd565c470ce/node_modules/@supabase/cli-darwin-arm64'
80 silly reify ]
81 http cache @supabase/cli-darwin-x64@https://registry.npmjs.org/@supabase/cli-darwin-x64/-/cli-darwin-x64-2.105.0.tgz 0ms (cache hit)
82 http cache supabase@https://registry.npmjs.org/supabase/-/supabase-2.105.0.tgz 0ms (cache hit)
83 silly tarball no local data for @supabase/cli-darwin-x64@https://registry.npmjs.org/@supabase/cli-darwin-x64/-/cli-darwin-x64-2.105.0.tgz. Extracting by manifest.
84 silly tarball no local data for supabase@https://registry.npmjs.org/supabase/-/supabase-2.105.0.tgz. Extracting by manifest.
85 http fetch GET 200 https://registry.npmjs.org/supabase/-/supabase-2.105.0.tgz 63ms (cache miss)
86 http fetch POST 200 https://registry.npmjs.org/-/npm/v1/security/advisories/bulk 202ms
87 silly audit report {}
88 http fetch GET 200 https://registry.npmjs.org/@supabase/cli-darwin-x64/-/cli-darwin-x64-2.105.0.tgz 6895ms (cache miss)
89 verbose cwd /Users/admin/Desktop/dự án/mttqvn
90 verbose os Darwin 24.6.0
91 verbose node v22.19.0
92 verbose npm  v10.9.3
93 verbose exit 0
94 info ok
